<?xml version="1.0" encoding="UTF-8"?>
<TestRun id="74fc65d0-4e64-4adb-a3bd-513767dea928" name="j9238439@SCM-98804 2015-05-01 16:17:34" runUser="WINDOWS\j9238439" xmlns="http://microsoft.com/schemas/VisualStudio/TeamTest/2010">
  <TestSettings name="Local" id="67bff0c6-f227-49fc-b0e9-461d0492694e">
    <Description>These are default test settings for a local test run.</Description>
    <Execution>
      <TestTypeSpecific />
      <AgentRule name="Execution Agents">
      </AgentRule>
    </Execution>
    <Deployment runDeploymentRoot="j9238439_SCM-98804 2015-05-01 16_17_34" />
    <Properties />
  </TestSettings>
  <Times creation="2015-05-01T16:17:34.4444950+01:00" queuing="2015-05-01T16:17:34.9678440+01:00" start="2015-05-01T16:17:35.0766738+01:00" finish="2015-05-01T16:17:35.2303708+01:00" />
  <ResultSummary outcome="Completed">
    <Counters total="1" executed="1" passed="1" error="0" failed="0" timeout="0" aborted="0" inconclusive="0" passedButRunAborted="0" notRunnable="0" notExecuted="0" disconnected="0" warning="0" completed="0" inProgress="0" pending="0" />
  </ResultSummary>
  <TestDefinitions>
    <WebTest name="WebTest1" storage="c:\users\j9238439\documents\github\software-architecture\ica1\webandloadtestproject\webtest1.webtest" id="b85761a6-89fe-4d47-bb62-38e60e9c5138" persistedWebTest="77u/PD94bWwgdmVyc2lvbj0iMS4wIiBlbmNvZGluZz0iVVRGLTgiIHN0YW5kYWxvbmU9InllcyI/Pg0KPFdlYlRlc3QgTmFtZT0iV2ViVGVzdDEiIElkPSJiODU3NjFhNi04OWZlLTRkNDctYmI2Mi0zOGU2MGU5YzUxMzgiIE93bmVyPSIiIFByaW9yaXR5PSIyMTQ3NDgzNjQ3IiBFbmFibGVkPSJUcnVlIiBDc3NQcm9qZWN0U3RydWN0dXJlPSIiIENzc0l0ZXJhdGlvbj0iIiBUaW1lb3V0PSIwIiBXb3JrSXRlbUlkcz0iIiB4bWxucz0iaHR0cDovL21pY3Jvc29mdC5jb20vc2NoZW1hcy9WaXN1YWxTdHVkaW8vVGVhbVRlc3QvMjAxMCIgRGVzY3JpcHRpb249IiIgQ3JlZGVudGlhbFVzZXJOYW1lPSIiIENyZWRlbnRpYWxQYXNzd29yZD0iIiBQcmVBdXRoZW50aWNhdGU9IlRydWUiIFByb3h5PSJkZWZhdWx0IiBTdG9wT25FcnJvcj0iRmFsc2UiIFJlY29yZGVkUmVzdWx0RmlsZT0iIiBSZXN1bHRzTG9jYWxlPSIiIC8+">
      <Execution id="2d756707-d343-4992-afdd-b489f7ea249d" />
    </WebTest>
  </TestDefinitions>
  <TestLists>
    <TestList name="Results Not in a List" id="8c84fa94-04c1-424b-9868-57a2d4851a1d" />
    <TestList name="All Loaded Results" id="19431567-8539-422a-85d7-44ee4e166bda" />
  </TestLists>
  <TestEntries>
    <TestEntry isTransparent="false" testId="b85761a6-89fe-4d47-bb62-38e60e9c5138" executionId="2d756707-d343-4992-afdd-b489f7ea249d" testListId="8c84fa94-04c1-424b-9868-57a2d4851a1d" />
  </TestEntries>
  <Results>
    <WebTestResult executionId="2d756707-d343-4992-afdd-b489f7ea249d" testId="b85761a6-89fe-4d47-bb62-38e60e9c5138" testName="WebTest1" computerName="SCM-98804" duration="00:00:00.0045636" startTime="2015-05-01T16:17:35.1229871+01:00" endTime="2015-05-01T16:17:35.1834924+01:00" testType="4e7599fa-5ecb-43e9-a887-cd63cf72d207" outcome="Passed" testListId="8c84fa94-04c1-424b-9868-57a2d4851a1d" relativeResultsDirectory="2d756707-d343-4992-afdd-b489f7ea249d">
      <ResultFiles>
        <ResultFile path="WebTest1.webtestResult" />
      </ResultFiles>
      <TestSettings name="Local" id="67bff0c6-f227-49fc-b0e9-461d0492694e">
        <Description>These are default test settings for a local test run.</Description>
        <Execution>
          <TestTypeSpecific>
            <WebTestRunConfiguration testTypeId="4e7599fa-5ecb-43e9-a887-cd63cf72d207">
              <Browser name="Internet Explorer 9.0" MaxConnections="6">
                <Headers>
                  <Header name="User-Agent" value="Mozilla/5.0 (compatible; MSIE 9.0; Windows NT 6.1; Trident/5.0)" />
                  <Header name="Accept" value="*/*" />
                  <Header name="Accept-Language" value="{{$IEAcceptLanguage}}" />
                  <Header name="Accept-Encoding" value="GZIP" />
                </Headers>
              </Browser>
            </WebTestRunConfiguration>
          </TestTypeSpecific>
          <AgentRule name="Execution Agents">
          </AgentRule>
        </Execution>
        <Deployment runDeploymentRoot="j9238439_SCM-98804 2015-05-01 16_17_34" />
        <Properties />
      </TestSettings>
      <WebTestResultFilePath>j9238439_SCM-98804 2015-05-01 16_17_34\In\2d756707-d343-4992-afdd-b489f7ea249d\WebTest1.webtestResult</WebTestResultFilePath>
    </WebTestResult>
  </Results>
</TestRun>